<html>
<body>
<pre>
<h1>µVision Build Log</h1>
<h2>Project:</h2>
C:\Users\aiden\OneDrive - University of Toledo\Summer 2025 UT (NOW)\Embedded Systems\Lab\Lab 7\Lab7_TrafficLight\Lab7.uvproj
Project File Date:  07/17/2025

<h2>Output:</h2>
Rebuild target 'Lab7'
assembling startup.s...
compiling TableTrafficLight.c...
compiling SysTick.c...
linking...
Program Size: Code=4308 RO-data=14440 RW-data=68 ZI-data=1756  
".\Lab10.axf" - 0 Error(s), 0 Warning(s).
</pre>
</body>
</html>
eDrive - University of Toledo\\Summer 2025 UT (NOW)\\Embedded Systems\\Lab\\Lab 7\\Lab7_TrafficLight\\Lab10.axf" 
Connecting: Mode=JTAG, Speed=1000000Hz
Erase Done.
Programming Done.
Verify OK.
